[www.topstarnews.net/news/articleViewa1e5.html]
[backblue.gif]
[fade.gif]
[index.html]
[cdn.topstarnews.net/news/photo/202509/15798272_1704131_5254.jpg]
[www.topstarnews.net/news/articleViewAmpa1e5.html]
[cdn.topstarnews.net/css/jquery-ui.min.css]
[cdn.topstarnews.net/css/slick.min.css]
[cdn.topstarnews.net/css/jquery.timepicker.css]
[cdn.topstarnews.net/adManager/css/adManager.css]
[cdn.topstarnews.net/css/foundation.min.css]
[cdn.topstarnews.net/css/custom.foundation.min.css]
[cdn.topstarnews.net/css/webfonts.min.css]
[cdn.topstarnews.net/css/font.style.css]
[cdn.topstarnews.net/css/media.min.css]
[cdn.topstarnews.net/css/autobox.style.min.css]
[cdn.topstarnews.net/css/templates.style.min.css]
[cdn.topstarnews.net/css/plugin.style.min.css]
[cdn.topstarnews.net/css/style.min.css]
[cdn.topstarnews.net/css/design.style.css]
[cdn.topstarnews.net/menuskin/pd_01/menubar.css]
[cdn.topstarnews.net/script/jquery.min.js]
[cdn.topstarnews.net/script/jquery-ui.min.js]
[cdn.topstarnews.net/script/slick.min.js]
[cdn.topstarnews.net/script/jquery.rwdImageMaps.min.js]
[cdn.topstarnews.net/script/what-input.js]
[cdn.topstarnews.net/script/foundation.min.js]
[cdn.topstarnews.net/menuskin/pd_01/menubar.js]
[cdn.topstarnews.net/script/user.style.js]
[cdn.topstarnews.net/script/clipboard.min.js]
[cdn.topstarnews.net/script/jquery.timepicker.min.js]
[cdn.topstarnews.net/script/jquery.tabslet.min.js]
[cdn.topstarnews.net/script/common.js]
[wcs.naver.net/wcslog.js]
[pixel.quantserve.com/pixel/p-cW0qxEsHYLBvg.gif]
[cmp.optad360.io/items/03894033-6c0f-4961-ba58-8eb60302fd1e.min.js]
[get.optad360.io/sf/19703848-b14a-433d-86f6-1688e61ed5ef/plugin.min.js]
[pagead2.googlesyndication.com/pagead/js/f0dd4.txt]
[pagead2.googlesyndication.com/pagead/js/f.txt]
[cdn.taboola.com/webpush/publishers/1705890/taboola-push-sdk.js]
[api.aedi.ai/common/js/v1/aedi-ad.js]
[anymind360.com/js/15682/ats.js]
[biz.news-feed.kr/js/common/dl.js]
[cdn.topstarnews.net/bannerpop/uploads/js/8249f0.js]
[cdn.topstarnews.net/image/logo/toplogo_20240812050918.png]
[www.topstarnews.net/news/articleListe646.html]
[www.topstarnews.net/news/articleList43a6.html]
[www.topstarnews.net/news/articleListad36.html]
[www.topstarnews.net/news/articleLista4b1.html]
[www.topstarnews.net/news/articleListec86.html]
[www.topstarnews.net/news/articleList7ed1.html]
[www.mediacategory.com/js/common/HawkEyesMakerb7f6.js]
[www.topstarnews.net/news/articleListbf36.html]
[www.topstarnews.net/news/articleListd86e.html]
[www.topstarnews.net/news/articleListb13d.html]
[www.topstarnews.net/news/articleListe449.html]
[www.topstarnews.net/news/articleListe421.html]
[www.topstarnews.net/news/articleListc579.html]
[www.topstarnews.net/news/articleList8187.html]
[www.topstarnews.net/news/articleList6d36.html]
[cdn.topstarnews.net/image/ssb_pc.png]
[www.topstarnews.net/news/articleList6864.html]
[www.topstarnews.net/news/articleList753f.html]
[www.topstarnews.net/news/articleList0001.html]
[www.topstarnews.net/news/articleListeec3.html]
[www.topstarnews.net/news/articleList2b2a.html]
[www.topstarnews.net/news/articleList0ccf.html]
[www.topstarnews.net/news/articleListc313.html]
[www.topstarnews.net/news/articleList3a6d.html]
[www.topstarnews.net/news/articleList633e.html]
[www.topstarnews.net/news/articleListb9b9.html]
[www.topstarnews.net/news/articleLista762.html]
[www.topstarnews.net/news/articleListc326.html]
[www.topstarnews.net/news/articleList1f2b.html]
[www.topstarnews.net/news/articleListafc9.html]
[www.topstarnews.net/news/articleList9b33.html]
[www.topstarnews.net/news/articleList1146.html]
[www.topstarnews.net/news/articleList0b83.html]
[www.topstarnews.net/news/articleListbf08.html]
[www.topstarnews.net/news/articleList85af.html]
[www.topstarnews.net/news/articleListae71.html]
[www.topstarnews.net/news/articleList19fd.html]
[www.topstarnews.net/news/articleList97ab.html]
[www.topstarnews.net/news/articleListe77b.html]
[www.topstarnews.net/news/articleListb67b.html]
[www.topstarnews.net/news/articleList7b5b.html]
[www.topstarnews.net/news/articleList0c5d.html]
[cdn.topstarnews.net/script/share.sns.js]
[cdn.topstarnews.net/image/logo/printlogo_20240813034958.png]
[cdn.topstarnews.net/image/newsroom/default-user.png]
[www.topstarnews.net/news/articleLista968.html]
[www.topstarnews.net/news/articleLista3bc.html]
[www.topstarnews.net/news/articleList9436.html]
[www.topstarnews.net/news/articleList9af3.html]
[cdn.topstarnews.net/image/new_poll_btn1.png]
[cdn.topstarnews.net/image/new_poll_btn2.png]
[cdn.taboola.com/libtrc/topstarnewsnet/loader.js]
[t1.kakaocdn.net/kakao_js_sdk/v1/kakao.min.js]
[securepubads.g.doubleclick.net/tag/js/f.txt]
[cdn.topstarnews.net/comment/style.css]
[www.topstarnews.net/image/comment/comment_type1_reply.png]
[cdn.topstarnews.net/comment/comment.js]
[www.topstarnews.net/news/articleView909c.html]
[cdn.topstarnews.net/news/thumbnail/custom/20250909/15799154_1704932_2545_1757384745_300.jpg]
[www.topstarnews.net/news/articleVieweb6b.html]
[cdn.topstarnews.net/news/thumbnail/custom/20250909/15799068_1704855_4324_1757382204_300.jpg]
[www.topstarnews.net/news/articleViewd646.html]
[cdn.topstarnews.net/news/thumbnail/custom/20250909/15798972_1704770_5339_1757379220_300.jpg]
[www.topstarnews.net/news/articleView5ea6.html]
[cdn.topstarnews.net/news/thumbnail/custom/20250909/15798955_1704759_4554_1757378754_300.jpg]
[www.topstarnews.net/news/articleViewf490.html]
[cdn.topstarnews.net/news/thumbnail/custom/20250909/15798862_1704662_5816_1757375896_300.jpg]
[topsinger.topstarnews.net/news/photo/poll/202110/1159_202110251220010.jpg]
[cdn.topstarnews.net/image/poll-win-mark.png]
[topsinger.topstarnews.net/news/photo/poll/202406/3346_20240631154.jpg]
[topsinger.topstarnews.net/news/photo/poll/202110/1172_202110251524001.jpg]
[topsinger.topstarnews.net/news/photo/poll/202201/1283_202201241318044.jpg]
[topsinger.topstarnews.net/news/photo/poll/202212/2547_202212131339.jpg]
[topsinger.topstarnews.net/news/photo/poll/202203/1612_202203032314036.jpg]
[topsinger.topstarnews.net/news/photo/poll/202111/737_202111041430001.jpg]
[topsinger.topstarnews.net/news/photo/poll/202111/1500_202111041430008.jpg]
[topsinger.topstarnews.net/news/photo/poll/202110/1153_202110251220004.jpg]
[topsinger.topstarnews.net/news/photo/poll/202201/1263_202201241318024.jpg]
[topsinger.topstarnews.net/news/photo/poll/202211/2452_202211292229.jpg]
[topsinger.topstarnews.net/news/photo/poll/202111/1630_202111041628045.jpg]
[topsinger.topstarnews.net/news/photo/poll/202203/1839_202203032314056.jpg]
[topsinger.topstarnews.net/news/photo/poll/202111/1610_202111041430115.jpg]
[www.topstarnews.net/news/articleList282e.html]
[www.topstarnews.net/news/articleView64d5.html]
[www.topstarnews.net/news/articleView1a71.html]
[www.topstarnews.net/news/articleView2fc1.html]
[www.topstarnews.net/news/articleList0bc2.html]
[www.topstarnews.net/news/articleViewe80e.html]
[www.topstarnews.net/news/articleViewfd09.html]
[www.topstarnews.net/news/articleViewe1cc.html]
[www.topstarnews.net/news/articleList0e5a.html]
[www.topstarnews.net/news/articleViewca84.html]
[www.topstarnews.net/news/articleView3c40.html]
[www.topstarnews.net/news/articleView1e15.html]
[cdn.topstarnews.net/news/thumbnail/custom/20250909/15798972_1704770_5339_1757379220_120.jpg]
[www.topstarnews.net/news/articleView1907.html]
[cdn.topstarnews.net/news/thumbnail/custom/20250909/15798318_1704177_1751_1757319471_120.jpg]
[www.topstarnews.net/news/articleView0847.html]
[cdn.topstarnews.net/news/thumbnail/custom/20250909/15793439_1699605_342_1756951422_120.jpg]
[www.topstarnews.net/news/articleView0afd.html]
[cdn.topstarnews.net/news/thumbnail/custom/20250909/15798870_1704668_219_1757376139_120.jpg]
[www.topstarnews.net/news/articleViewd59d.html]
[cdn.topstarnews.net/news/thumbnail/custom/20250909/15798838_1704636_3821_1757374701_120.jpg]
[www.topstarnews.net/news/articleViewb7d1.html]
[cdn.topstarnews.net/news/thumbnail/custom/20250909/15798803_1704597_1536_1757373336_120.jpg]
[www.topstarnews.net/news/articleView3d74.html]
[cdn.topstarnews.net/news/thumbnail/custom/20250909/15789357_1695706_1815_1756703895_120.jpg]
[www.topstarnews.net/news/articleView855b.html]
[cdn.topstarnews.net/news/thumbnail/custom/20250909/15788024_1694614_4432_1756601072_120.jpg]
[www.topstarnews.net/news/articleView9fb8.html]
[cdn.topstarnews.net/news/thumbnail/custom/20250909/15783426_1690279_2152_1756257714_120.jpg]
[cdn.topstarnews.net/bannerpop/uploads/js/2390ea.js]
[cdn.topstarnews.net/bannerpop/uploads/js/229480.js]
[img.mobon.net/js/common/HawkEyesMaker.js]
[cdn.topstarnews.net/bannerpop/uploads/js/377d5c.js]
[cdn.topstarnews.net/bannerpop/uploads/js/19d594.js]
[cdn.topstarnews.net/bannerpop/uploads/js/751b63.js]
[cdn.topstarnews.net/bannerpop/uploads/js/20b03b.js]
[cdn.topstarnews.net/bannerpop/uploads/js/213c96.js]
[cdn.topstarnews.net/image/logo/downlogo_20240814014327.png]
[cdn.topstarnews.net/image/inc_img001.png]
[cdn.topstarnews.net/image/newsis.png]
[www.topstarnews.net/news/articleLista33b.html]
[www.topstarnews.net/news/articleListb35f.html]
[www.topstarnews.net/news/articleList885e.html]
[www.topstarnews.net/news/articleListee91.html]
[www.topstarnews.net/news/articleList44d2.html]
[www.topstarnews.net/news/articleList88f6.html]
[www.topstarnews.net/news/articleLista275.html]
[www.topstarnews.net/news/articleListb6d7.html]
[www.topstarnews.net/news/articleList5484.html]
[www.topstarnews.net/news/articleList5db7.html]
[www.topstarnews.net/news/articleList9d93.html]
[www.topstarnews.net/news/articleList2c84.html]
[www.topstarnews.net/news/articleListe91d.html]
[www.topstarnews.net/news/articleList5d87.html]
[www.topstarnews.net/news/articleList2e21.html]
[www.topstarnews.net/news/articleListdac8.html]
[www.topstarnews.net/news/articleList1daf.html]
[www.topstarnews.net/news/articleListace8.html]
[www.topstarnews.net/news/articleListb726.html]
[www.topstarnews.net/news/articleList5588.html]
[www.topstarnews.net/news/articleList7287.html]
[www.topstarnews.net/news/articleList8f47.html]
[www.topstarnews.net/news/articleList8752.html]
[www.topstarnews.net/news/articleList0675.html]
[www.topstarnews.net/news/articleList17f8.html]
[www.topstarnews.net/news/articleLista0bf.html]
[www.topstarnews.net/news/articleList3811.html]
[www.topstarnews.net/news/articleList1c3f.html]
[www.topstarnews.net/news/articleList898f.html]
[www.topstarnews.net/news/articleList28ed.html]
[www.topstarnews.net/news/articleList2815.html]
[www.topstarnews.net/news/articleListe97c.html]
[www.topstarnews.net/news/articleList7bf0.html]
[www.topstarnews.net/news/articleListc3db.html]
[www.topstarnews.net/news/articleList936c.html]
[www.topstarnews.net/news/articleList6e00.html]
[www.topstarnews.net/news/articleList3a3c.html]
[www.topstarnews.net/news/articleListd380.html]
[www.topstarnews.net/news/articleListdcff.html]
[www.topstarnews.net/news/articleList9160.html]
[www.topstarnews.net/news/articleList0e4d.html]
[www.topstarnews.net/news/articleList51c2.html]
[www.topstarnews.net/news/articleList1cca.html]
[www.topstarnews.net/news/articleList3e1d.html]
[www.topstarnews.net/news/articleListf851.html]
[www.topstarnews.net/news/articleListe5a6.html]
[www.topstarnews.net/news/articleListafdf.html]
[www.topstarnews.net/news/articleList91ba.html]
[www.topstarnews.net/news/articleListba6e.html]
[www.topstarnews.net/news/articleList19f3.html]
[www.topstarnews.net/news/articleList22e3.html]
[www.topstarnews.net/news/articleList9a7a.html]
[www.topstarnews.net/news/articleList28ff.html]
[www.topstarnews.net/news/articleList2307.html]
[www.topstarnews.net/news/articleList7330.html]
[www.topstarnews.net/news/articleList9e0a.html]
[api.piclick.kr/common/js/v1/piclick-ad.js]
[cdn.topstarnews.net/adManager/js/lab.js]
[www.topstarnews.net/news/articleViewa1e5.html]
[cdn.ampproject.org/v0/amp-analytics-0.1.js]
[cdn.ampproject.org/v0/amp-iframe-0.1.js]
[cdn.ampproject.org/v0/amp-youtube-0.1.js]
[cdn.ampproject.org/v0/amp-facebook-0.1.js]
[cdn.ampproject.org/v0.js]
[www.topstarnews.net/news/articleViewAmpa1e5.html]
[cdn.topstarnews.net/css/images/ui-icons_444444_256x240.png]
[cdn.topstarnews.net/css/images/ui-icons_555555_256x240.png]
[cdn.topstarnews.net/css/images/ui-icons_ffffff_256x240.png]
[cdn.topstarnews.net/css/images/ui-icons_777620_256x240.png]
[cdn.topstarnews.net/css/images/ui-icons_cc0000_256x240.png]
[cdn.topstarnews.net/css/images/ui-icons_777777_256x240.png]
[cdn.topstarnews.net/css/jquery-ui.min.css]
[cdn.topstarnews.net/css/slick.min.css]
[cdn.topstarnews.net/css/jquery.timepicker.css]
[cdn.topstarnews.net/adManager/css/adManager.css]
[cdn.topstarnews.net/css/foundation.min.css]
[cdn.topstarnews.net/image/msg-panel-bg.png]
[cdn.topstarnews.net/css/custom.foundation.min.css]
[cdn.topstarnews.net/css/webfonts.min.css]
[cdn.topstarnews.net/css/fonts/fontello.woff]
[cdn.topstarnews.net/css/font.style.css]
[cdn.topstarnews.net/css/media.min.css]
[cdn.topstarnews.net/image/logo/csslogo.png]
[cdn.topstarnews.net/image/autobox/autobox-icons.png]
[cdn.topstarnews.net/css/autobox.style.min.css]
[cdn.topstarnews.net/css/templates.style.min.css]
[cdn.topstarnews.net/image/pdf-noimage.png]
[cdn.topstarnews.net/image/curation-search.png]
[cdn.topstarnews.net/image/curation-bars.png]
[cdn.topstarnews.net/image/curation-search-white.png]
[cdn.topstarnews.net/css/plugin.style.min.css]
[cdn.topstarnews.net/image/btm-kor.png]
[cdn.topstarnews.net/image/btm-eng.png]
[cdn.topstarnews.net/image/btm-icon.png]
[cdn.topstarnews.net/image/box/box-skin-human.png]
[cdn.topstarnews.net/image/box/box-skin-circle.png]
[cdn.topstarnews.net/image/box/box-skin-shadow.png]
[cdn.topstarnews.net/image/lang-mark.png]
[cdn.topstarnews.net/image/popup-close.png]
[cdn.topstarnews.net/image/emojis-for.png]
[cdn.topstarnews.net/image/goodnbad-for.png]
[cdn.topstarnews.net/css/style.min.css]
[cdn.topstarnews.net/image/company/proes-step.png]
[cdn.topstarnews.net/css/design.style.css]
[cdn.topstarnews.net/menuskin/pd_01/menubar.css]
[www.googletagmanager.com/gtm5445.html]
[cdn.taboola.com/webpush/publishers/1705890/taboola-push-sdk.js]
[api.aedi.ai/common/css/v1/aedi-ad.css]
[sdk.ocmthood.com/sdk/htc6e4.js]
[www.topstarnews.net/image/logo/snslogo_20240813034958.png]
[www.topstarnews.net/news/articleListb3ec.html]
[www.topstarnews.net/news/articleList41e6.html]
[www.topstarnews.net/news/articleListb7a6.html]
[www.topstarnews.net/news/articleList78e0.html]
[www.topstarnews.net/news/articleView157d.html]
[cdn.topstarnews.net/news/thumbnail/202509/15799024_1704827_2749_v150.jpg]
[www.topstarnews.net/news/articleViewe60b.html]
[cdn.topstarnews.net/news/thumbnail/202509/15798601_1704402_2628_v150.jpg]
[www.topstarnews.net/news/articleView4feb.html]
[cdn.topstarnews.net/news/thumbnail/202509/15798599_1704400_2047_v150.jpg]
[www.topstarnews.net/news/articleViewe801.html]
[cdn.topstarnews.net/news/thumbnail/202509/15797898_1703755_5218_v150.jpg]
[www.topstarnews.net/news/articleView3238.html]
[cdn.topstarnews.net/news/thumbnail/202509/15797863_1703711_5048_v150.jpg]
[www.topstarnews.net/news/articleViewe53a.html]
[cdn.topstarnews.net/news/thumbnail/202509/15797823_1703673_917_v150.jpg]
[www.topstarnews.net/news/articleView8e9a.html]
[cdn.topstarnews.net/news/thumbnail/202509/15797816_1703666_557_v150.jpg]
[www.topstarnews.net/news/articleView6e7f.html]
[cdn.topstarnews.net/news/thumbnail/202509/15797798_1703651_5930_v150.jpg]
[www.topstarnews.net/news/articleViewb5fa.html]
[cdn.topstarnews.net/news/thumbnail/202509/15797788_1703639_496_v150.jpg]
[www.topstarnews.net/news/articleViewfa12.html]
[cdn.topstarnews.net/news/thumbnail/202509/15797777_1703629_3851_v150.jpg]
[www.topstarnews.net/news/articleViewe4ad.html]
[cdn.topstarnews.net/news/thumbnail/202509/15797701_1703548_5042_v150.jpg]
[www.topstarnews.net/news/articleView41da.html]
[cdn.topstarnews.net/news/thumbnail/202509/15797698_1703542_4926_v150.jpg]
[www.topstarnews.net/news/articleView2747.html]
[cdn.topstarnews.net/news/thumbnail/202509/15797697_1703540_4825_v150.jpg]
[www.topstarnews.net/news/articleViewea37.html]
[cdn.topstarnews.net/news/thumbnail/202509/15797695_1703537_4713_v150.jpg]
[www.topstarnews.net/news/articleView0a69.html]
[cdn.topstarnews.net/news/thumbnail/202509/15797694_1703536_4526_v150.jpg]
[www.topstarnews.net/news/articleViewdad7.html]
[cdn.topstarnews.net/news/thumbnail/202509/15797691_1703530_4333_v150.jpg]
[www.topstarnews.net/news/articleView000f.html]
[cdn.topstarnews.net/news/thumbnail/202509/15797470_1703342_338_v150.jpg]
[www.topstarnews.net/news/articleViewac1e.html]
[cdn.topstarnews.net/news/thumbnail/202509/15797469_1703341_156_v150.jpg]
[www.topstarnews.net/news/articleView8953.html]
[cdn.topstarnews.net/news/thumbnail/202509/15796906_1702839_3119_v150.jpg]
[www.topstarnews.net/news/articleView894c.html]
[cdn.topstarnews.net/news/thumbnail/202509/15794718_1700834_1540_v150.jpg]
[www.topstarnews.net/news/articleView3b88.html]
[cdn.topstarnews.net/news/thumbnail/202509/15794702_1700819_1214_v150.jpg]
[www.topstarnews.net/news/articleList85d1.html]
[www.topstarnews.net/news/articleList7f58.html]
[www.topstarnews.net/news/articleListac0c.html]
[www.topstarnews.net/news/articleList5ded.html]
[www.topstarnews.net/news/articleList260c.html]
[www.topstarnews.net/news/articleListca24.html]
[www.topstarnews.net/news/articleListb39e.html]
[www.topstarnews.net/news/articleListdca1.html]
[www.topstarnews.net/news/articleListddcc.html]
[www.topstarnews.net/news/articleList0c3c.html]
[www.topstarnews.net/news/articleListb3a8.html]
[www.topstarnews.net/news/articleListc9c3.html]
[cdn.topstarnews.net/bannerpop/uploads/js/23a517.js]
[cdn.topstarnews.net/bannerpop/uploads/js/225d97.js]
[cdn.topstarnews.net/bannerpop/uploads/js/215297.js]
[cdn.topstarnews.net/bannerpop/uploads/js/371c8a.js]
[cdn.topstarnews.net/bannerpop/uploads/js/202050.js]
[cdn.topstarnews.net/bannerpop/uploads/js/190966.js]
[cdn.topstarnews.net/bannerpop/uploads/js/527d41.js]
[cdn.topstarnews.net/bannerpop/uploads/js/537c84.js]
[cdn.topstarnews.net/bannerpop/uploads/js/8412ac.js]
[cdn.topstarnews.net/bannerpop/uploads/js/2856ea.js]
[cdn.topstarnews.net/bannerpop/uploads/js/396b48.js]
[cdn.topstarnews.net/bannerpop/uploads/js/810b26.js]
[cdn.topstarnews.net/bannerpop/uploads/js/58c764.js]
[cdn.topstarnews.net/bannerpop/uploads/js/85a2e0.js]
[cdn.topstarnews.net/bannerpop/uploads/js/61d34e.js]
[cdn.topstarnews.net/bannerpop/uploads/js/636051.js]
[cdn.topstarnews.net/bannerpop/uploads/js/809dde.js]
[cdn.topstarnews.net/bannerpop/uploads/js/8316ef.js]
[www.topstarnews.net/news/articleView7774.html]
[www.topstarnews.net/news/articleView428c.html]
[www.topstarnews.net/news/articleView28c4.html]
[www.topstarnews.net/news/articleView7d85.html]
[www.topstarnews.net/news/articleView6d30.html]
[www.topstarnews.net/news/articleView8f20.html]
[www.topstarnews.net/news/articleViewb6b6.html]
[www.topstarnews.net/news/articleView917d.html]
[www.topstarnews.net/news/articleViewb1d7.html]
[www.topstarnews.net/news/articleView0642.html]
[www.topstarnews.net/news/articleViewb33b.html]
[www.topstarnews.net/news/articleViewd6ca.html]
[www.topstarnews.net/news/articleViewe2d8.html]
[www.topstarnews.net/news/articleListe646.html]
[www.topstarnews.net/news/articleViewb12e.html]
[www.topstarnews.net/news/articleList8e82.html]
[www.topstarnews.net/news/articleListc354.html]
[www.topstarnews.net/news/articleList6464.html]
[www.topstarnews.net/news/articleList192a.html]
[www.topstarnews.net/news/articleView5932.html]
[cdn.topstarnews.net/news/thumbnail/202509/15799140_1704928_231_v150.jpg]
[www.topstarnews.net/news/articleView6442.html]
[cdn.topstarnews.net/news/thumbnail/202509/15799134_1704922_1847_v150.jpg]
[www.topstarnews.net/news/articleView1c06.html]
[cdn.topstarnews.net/news/thumbnail/202509/15799102_1704880_5812_v150.jpg]
[www.topstarnews.net/news/articleView2fa5.html]
[cdn.topstarnews.net/news/thumbnail/202509/15798923_1704718_2115_v150.jpg]
[www.topstarnews.net/news/articleView1f83.html]
[cdn.topstarnews.net/news/thumbnail/202509/15798849_1704648_4137_v150.jpg]
[www.topstarnews.net/news/articleView34e2.html]
[cdn.topstarnews.net/news/thumbnail/202509/15798797_1704580_747_v150.jpg]
[www.topstarnews.net/news/articleView9f33.html]
[cdn.topstarnews.net/news/thumbnail/202509/15798759_1704529_88_v150.jpg]
[www.topstarnews.net/news/articleView2eb5.html]
[cdn.topstarnews.net/news/thumbnail/202509/15798747_1704523_5911_v150.jpg]
[www.topstarnews.net/news/articleViewf08e.html]
[cdn.topstarnews.net/news/thumbnail/202509/15798704_1704496_3318_v150.jpg]
[www.topstarnews.net/news/articleView433a.html]
[cdn.topstarnews.net/news/thumbnail/202509/15798355_1704202_4414_v150.jpg]
[www.topstarnews.net/news/articleView5b6d.html]
[cdn.topstarnews.net/news/thumbnail/202509/15798238_1704095_4026_v150.jpg]
[www.topstarnews.net/news/articleView53a4.html]
[cdn.topstarnews.net/news/thumbnail/202509/15798223_1704077_3058_v150.jpg]
[www.topstarnews.net/news/articleViewe9b7.html]
[cdn.topstarnews.net/news/thumbnail/202509/15798160_1704005_449_v150.jpg]
[www.topstarnews.net/news/articleViewb535.html]
[cdn.topstarnews.net/news/thumbnail/202509/15798048_1703881_323_v150.jpg]
[www.topstarnews.net/news/articleView2a9b.html]
[cdn.topstarnews.net/news/thumbnail/202509/15798042_1703872_5050_v150.jpg]
[www.topstarnews.net/news/articleView9910.html]
[cdn.topstarnews.net/news/thumbnail/202509/15798025_1703849_4211_v150.jpg]
[www.topstarnews.net/news/articleView5365.html]
[cdn.topstarnews.net/news/thumbnail/202509/15797908_1703746_4231_v150.jpg]
[www.topstarnews.net/news/articleView78a7.html]
[cdn.topstarnews.net/news/thumbnail/202509/15797890_1703737_2327_v150.jpg]
[www.topstarnews.net/news/articleView75c5.html]
[cdn.topstarnews.net/news/thumbnail/202509/15797827_1703676_144_v150.jpg]
[www.topstarnews.net/news/articleView8d97.html]
[cdn.topstarnews.net/news/thumbnail/202509/15797826_1703674_1035_v150.jpg]
[www.topstarnews.net/news/articleView7806.html]
[cdn.topstarnews.net/news/thumbnail/202509/15797772_1703620_366_v150.jpg]
[www.topstarnews.net/news/articleList0488.html]
[www.topstarnews.net/news/articleList98b2.html]
[www.topstarnews.net/news/articleList92da.html]
[www.topstarnews.net/news/articleLista916.html]
[www.topstarnews.net/news/articleList9aaa.html]
[www.topstarnews.net/news/articleList59c4.html]
[www.topstarnews.net/news/articleListf12f.html]
[www.topstarnews.net/news/articleListbb5b.html]
[www.topstarnews.net/news/articleList46ab.html]
[www.topstarnews.net/news/articleList1363.html]
[www.topstarnews.net/news/articleList2b58.html]
[www.topstarnews.net/news/articleList43a6.html]
[www.topstarnews.net/news/articleListbd69.html]
[www.topstarnews.net/news/articleListf66e.html]
[www.topstarnews.net/news/articleList7dce.html]
[www.topstarnews.net/news/articleList1f67.html]
[www.topstarnews.net/news/articleList4d3e.html]
[www.topstarnews.net/news/articleView1b6d.html]
[cdn.topstarnews.net/news/thumbnail/202509/15799162_1704943_3010_v150.jpg]
[www.topstarnews.net/news/articleView261b.html]
[cdn.topstarnews.net/news/thumbnail/202509/15799161_1704942_306_v150.jpg]
[www.topstarnews.net/news/articleView0847-2.html]
[cdn.topstarnews.net/news/thumbnail/202509/15799082_1704861_453_v150.jpg]
[www.topstarnews.net/news/articleView33e1.html]
[cdn.topstarnews.net/news/thumbnail/202509/15799084_1704866_4751_v150.jpg]
[www.topstarnews.net/news/articleView22a4.html]
[cdn.topstarnews.net/news/thumbnail/202509/15799077_1704858_4450_v150.jpg]
[www.topstarnews.net/news/articleViewaa3a.html]
[cdn.topstarnews.net/news/thumbnail/202509/15799067_1704849_3829_v150.jpg]
[www.topstarnews.net/news/articleViewe048.html]
[cdn.topstarnews.net/news/thumbnail/202509/15799064_1704846_3549_v150.jpg]
[www.topstarnews.net/news/articleViewd873.html]
[cdn.topstarnews.net/news/thumbnail/202509/15799060_1704841_3322_v150.jpg]
[www.topstarnews.net/news/articleViewb489.html]
[cdn.topstarnews.net/news/thumbnail/202509/15799043_1704823_2617_v150.jpg]
[www.topstarnews.net/news/articleView8f1d.html]
[cdn.topstarnews.net/news/thumbnail/202509/15799017_1704805_156_v150.jpg]
[www.topstarnews.net/news/articleView312f.html]
[cdn.topstarnews.net/news/thumbnail/202509/15799011_1704800_1428_v150.jpg]
[www.topstarnews.net/news/articleView0588.html]
[cdn.topstarnews.net/news/thumbnail/202509/15798977_1704795_1215_v150.jpg]
[www.topstarnews.net/news/articleViewb848.html]
[cdn.topstarnews.net/news/thumbnail/202509/15798960_1704757_457_v150.jpg]
[www.topstarnews.net/news/articleViewd790.html]
[cdn.topstarnews.net/news/thumbnail/202509/15798969_1704767_520_v150.jpg]
[www.topstarnews.net/news/articleView2338.html]
[cdn.topstarnews.net/news/thumbnail/202509/15798965_1704762_4925_v150.jpg]
[www.topstarnews.net/news/articleViewed42.html]
[cdn.topstarnews.net/news/thumbnail/202509/15798964_1704761_4815_v150.jpg]
[www.topstarnews.net/news/articleView8084.html]
[cdn.topstarnews.net/news/thumbnail/202509/15798963_1704760_468_v150.jpg]
[www.topstarnews.net/news/articleViewf043.html]
[cdn.topstarnews.net/news/thumbnail/202509/15798954_1704755_455_v150.jpg]
[www.topstarnews.net/news/articleView07d9.html]
[cdn.topstarnews.net/news/thumbnail/202509/15798952_1704751_4321_v150.jpg]
[www.topstarnews.net/news/articleView1db9.html]
[cdn.topstarnews.net/news/thumbnail/202509/15798950_1704747_412_v150.jpg]
[www.topstarnews.net/news/articleViewdb99.html]
[cdn.topstarnews.net/news/thumbnail/202509/15798948_1704744_3939_v150.jpg]
[www.topstarnews.net/news/articleListaf92.html]
[www.topstarnews.net/news/articleList380d.html]
[www.topstarnews.net/news/articleList35b4.html]
[www.topstarnews.net/news/articleList17b4.html]
[www.topstarnews.net/news/articleList1513.html]
[www.topstarnews.net/news/articleList829f.html]
[www.topstarnews.net/news/articleList1983.html]
[www.topstarnews.net/news/articleList7b48.html]
[www.topstarnews.net/news/articleList8dac.html]
[www.topstarnews.net/news/articleList6617.html]
[www.topstarnews.net/news/articleListef42.html]
[www.topstarnews.net/news/articleListad36.html]
[www.topstarnews.net/news/articleListc52d.html]
[www.topstarnews.net/news/articleList5bcc.html]
[www.topstarnews.net/news/articleListcae2.html]
[www.topstarnews.net/news/articleList5e85.html]
[www.topstarnews.net/news/articleList0b7c.html]
[cdn.topstarnews.net/news/thumbnail/202509/15799154_1704932_2545_v150.jpg]
[cdn.topstarnews.net/news/thumbnail/202509/15799150_1704927_2210_v150.jpg]
[cdn.topstarnews.net/news/thumbnail/202509/15799125_1704905_952_v150.jpg]
[cdn.topstarnews.net/news/thumbnail/202509/15799035_1704815_2138_v150.jpg]
[cdn.topstarnews.net/news/thumbnail/202509/15798994_1704787_750_v150.jpg]
[cdn.topstarnews.net/news/thumbnail/202509/15798955_1704759_4554_v150.jpg]
[www.topstarnews.net/news/articleViewaf75.html]
[cdn.topstarnews.net/news/thumbnail/202509/15798940_1704737_351_v150.jpg]
[www.topstarnews.net/news/articleView6ab0.html]
[cdn.topstarnews.net/news/thumbnail/202509/15798929_1704725_2635_v150.jpg]
[www.topstarnews.net/news/articleView0cad.html]
[cdn.topstarnews.net/news/thumbnail/202509/15798887_1704685_742_v150.jpg]
[www.topstarnews.net/news/articleView5ce0.html]
[cdn.topstarnews.net/news/thumbnail/202509/15798839_1704628_3746_v150.jpg]
[www.topstarnews.net/news/articleView7103.html]
[cdn.topstarnews.net/news/thumbnail/202509/15798783_1704567_4531_v150.jpg]
[www.topstarnews.net/news/articleView0c1c.html]
[cdn.topstarnews.net/news/thumbnail/202509/15798768_1704547_2319_v150.jpg]
[www.topstarnews.net/news/articleView545c.html]
[cdn.topstarnews.net/news/thumbnail/202509/15798760_1704531_1147_v150.jpg]
[www.topstarnews.net/news/articleView7115.html]
[cdn.topstarnews.net/news/thumbnail/202509/15798733_1704510_3733_v150.jpg]
[www.topstarnews.net/news/articleViewccc9.html]
[cdn.topstarnews.net/news/thumbnail/202509/15798716_1704504_525_v150.jpg]
[www.topstarnews.net/news/articleView9e1a.html]
[cdn.topstarnews.net/news/thumbnail/202509/15798706_1704498_536_v150.jpg]
[www.topstarnews.net/news/articleView1d27.html]
[cdn.topstarnews.net/news/thumbnail/202509/15798702_1704492_2124_v150.jpg]
[www.topstarnews.net/news/articleView057d.html]
[cdn.topstarnews.net/news/thumbnail/202509/15798685_1704484_3750_v150.jpg]
[www.topstarnews.net/news/articleView2b98.html]
[cdn.topstarnews.net/news/thumbnail/202509/15798624_1704426_4739_v150.jpg]
[www.topstarnews.net/news/articleViewecbf.html]
[cdn.topstarnews.net/news/thumbnail/202509/15798621_1704421_3258_v150.jpg]
[www.topstarnews.net/news/articleView33a7.html]
[cdn.topstarnews.net/news/thumbnail/202509/15798619_1704417_2728_v150.jpg]
[www.topstarnews.net/news/articleList7938.html]
[www.topstarnews.net/news/articleListf34e.html]
[www.topstarnews.net/news/articleList7779.html]
[www.topstarnews.net/news/articleListd580.html]
[www.topstarnews.net/news/articleList4095.html]
[www.topstarnews.net/news/articleList3b2f.html]
[www.topstarnews.net/news/articleList62a3.html]
[www.topstarnews.net/news/articleList40c9.html]
[www.topstarnews.net/news/articleList7eee.html]
[www.topstarnews.net/news/articleList10f2.html]
[www.topstarnews.net/news/articleLista950.html]
[www.topstarnews.net/news/articleLista4b1.html]
[www.topstarnews.net/news/articleListb79c.html]
[www.topstarnews.net/news/articleListf705.html]
[www.topstarnews.net/news/articleListeb66.html]
[www.topstarnews.net/news/articleListf805.html]
[www.topstarnews.net/news/articleList3959.html]
[www.topstarnews.net/news/articleView53aa.html]
[cdn.topstarnews.net/news/thumbnail/202509/15799169_1704953_3810_v150.jpg]
[www.topstarnews.net/news/articleViewf2f9.html]
[cdn.topstarnews.net/news/thumbnail/202509/15799164_1704945_3341_v150.jpg]
[www.topstarnews.net/news/articleView7f84.html]
[cdn.topstarnews.net/news/thumbnail/202509/15799139_1704921_1737_v150.jpg]
[www.topstarnews.net/news/articleViewbbe4.html]
[cdn.topstarnews.net/news/thumbnail/202509/15799115_1704895_152_v150.jpg]
[www.topstarnews.net/news/articleView5049.html]
[cdn.topstarnews.net/news/thumbnail/202509/15799114_1704894_137_v150.jpg]
[www.topstarnews.net/news/articleViewc818.html]
[cdn.topstarnews.net/news/thumbnail/202509/15799113_1704893_123_v150.jpg]
[www.topstarnews.net/news/articleView329e.html]
[cdn.topstarnews.net/news/thumbnail/202509/15799112_1704892_19_v150.jpg]
[www.topstarnews.net/news/articleView81be.html]
[cdn.topstarnews.net/news/thumbnail/202509/15799093_1704873_5153_v150.jpg]
[www.topstarnews.net/news/articleViewf3fc.html]
[cdn.topstarnews.net/news/thumbnail/202509/15799092_1704872_5138_v150.jpg]
[www.topstarnews.net/news/articleView72b7.html]
[cdn.topstarnews.net/news/thumbnail/202509/15799075_1704856_4324_v150.jpg]
[www.topstarnews.net/news/articleViewd171.html]
[cdn.topstarnews.net/news/thumbnail/202509/15799061_1704842_3356_v150.jpg]
[www.topstarnews.net/news/articleView43c8.html]
[cdn.topstarnews.net/news/thumbnail/202509/15799049_1704828_2936_v150.jpg]
[www.topstarnews.net/news/articleView0b2f.html]
[cdn.topstarnews.net/news/thumbnail/202509/15799033_1704813_2123_v150.jpg]
[www.topstarnews.net/news/articleView655d.html]
[cdn.topstarnews.net/news/thumbnail/202509/15799031_1704811_218_v150.jpg]
[www.topstarnews.net/news/articleView25af.html]
[cdn.topstarnews.net/news/thumbnail/202509/15799022_1704807_199_v150.jpg]
[www.topstarnews.net/news/articleVieweaed.html]
[cdn.topstarnews.net/news/thumbnail/202509/15799008_1704796_1222_v150.jpg]
[www.topstarnews.net/news/articleView41f3.html]
[cdn.topstarnews.net/news/thumbnail/202509/15798979_1704775_5953_v150.jpg]
[www.topstarnews.net/news/articleViewcfff.html]
[cdn.topstarnews.net/news/thumbnail/202509/15798968_1704766_5146_v150.jpg]
[www.topstarnews.net/news/articleView66e4.html]
[cdn.topstarnews.net/news/thumbnail/202509/15798967_1704765_5131_v150.jpg]
[www.topstarnews.net/news/articleViewfc08.html]
[cdn.topstarnews.net/news/thumbnail/202509/15798953_1704750_433_v150.jpg]
[www.topstarnews.net/news/articleView0fc4.html]
[cdn.topstarnews.net/news/thumbnail/202509/15798922_1704716_205_v150.jpg]
[www.topstarnews.net/news/articleList73aa.html]
[www.topstarnews.net/news/articleListf4ed.html]
[www.topstarnews.net/news/articleList5214.html]
[www.topstarnews.net/news/articleList0d74.html]
[www.topstarnews.net/news/articleList7fd5.html]
[www.topstarnews.net/news/articleListfa23.html]
[www.topstarnews.net/news/articleList816f.html]
[www.topstarnews.net/news/articleList2962.html]
[www.topstarnews.net/news/articleList6dc6.html]
[www.topstarnews.net/news/articleList229d.html]
[www.topstarnews.net/news/articleList197c.html]
[www.topstarnews.net/news/articleList1e04.html]
[www.topstarnews.net/news/articleListec86.html]
[www.topstarnews.net/news/articleList315b.html]
[www.topstarnews.net/news/articleList8e7f.html]
[www.topstarnews.net/news/articleList29c1.html]
[www.topstarnews.net/news/articleList6e89.html]
[www.topstarnews.net/news/articleViewea35.html]
[cdn.topstarnews.net/news/thumbnail/202509/15799168_1704949_3616_v150.jpg]
[www.topstarnews.net/news/articleViewbd95.html]
[cdn.topstarnews.net/news/thumbnail/202509/15799155_1704933_271_v150.jpg]
[www.topstarnews.net/news/articleView4821.html]
[cdn.topstarnews.net/news/thumbnail/202509/15799145_1704926_2053_v150.jpg]
[www.topstarnews.net/news/articleViewc89f.html]
[cdn.topstarnews.net/news/thumbnail/202509/15799123_1704903_948_v150.jpg]
[www.topstarnews.net/news/articleViewdcbc.html]
[cdn.topstarnews.net/news/thumbnail/202509/15799076_1704863_4640_v150.jpg]
[www.topstarnews.net/news/articleViewc6ec.html]
[cdn.topstarnews.net/news/thumbnail/202509/15799070_1704850_3935_v150.jpg]
[www.topstarnews.net/news/articleView2be9.html]
[cdn.topstarnews.net/news/thumbnail/202509/15799047_1704825_2637_v150.jpg]
[www.topstarnews.net/news/articleView1142.html]
[cdn.topstarnews.net/news/thumbnail/202509/15799009_1704798_1315_v150.jpg]
[www.topstarnews.net/news/articleViewe902.html]
[cdn.topstarnews.net/news/thumbnail/202509/15798978_1704774_5947_v150.jpg]
[www.topstarnews.net/news/articleView1c02.html]
[cdn.topstarnews.net/news/thumbnail/202509/15798930_1704727_2946_v150.jpg]
[www.topstarnews.net/news/articleView7ebb.html]
[cdn.topstarnews.net/news/thumbnail/202509/15798927_1704723_2247_v150.jpg]
[www.topstarnews.net/news/articleView645b.html]
[cdn.topstarnews.net/news/thumbnail/202509/15798902_1704699_1234_v150.jpg]
[www.topstarnews.net/news/articleViewfdb2.html]
[cdn.topstarnews.net/news/thumbnail/202509/15798901_1704698_1218_v150.jpg]
[www.topstarnews.net/news/articleView9b05.html]
[cdn.topstarnews.net/news/thumbnail/202509/15798898_1704696_123_v150.jpg]
[www.topstarnews.net/news/articleView75d2.html]
[cdn.topstarnews.net/news/thumbnail/202509/15798882_1704681_613_v150.jpg]
[www.topstarnews.net/news/articleView5b43.html]
[cdn.topstarnews.net/news/thumbnail/202509/15798877_1704676_530_v150.jpg]
[cdn.topstarnews.net/news/thumbnail/202509/15798870_1704668_219_v150.jpg]
[www.topstarnews.net/news/articleView4721.html]
[cdn.topstarnews.net/news/thumbnail/202509/15798863_1704658_5451_v150.jpg]
[www.topstarnews.net/news/articleViewb544.html]
[cdn.topstarnews.net/news/thumbnail/202509/15798851_1704649_4318_v150.jpg]
[cdn.topstarnews.net/news/thumbnail/202509/15798838_1704636_3821_v150.jpg]
[www.topstarnews.net/news/articleViewa9d5.html]
[cdn.topstarnews.net/news/thumbnail/202509/15798843_1704638_3853_v150.jpg]
[www.topstarnews.net/news/articleList115c.html]
[www.topstarnews.net/news/articleList7b77.html]
[www.topstarnews.net/news/articleList5679.html]
[www.topstarnews.net/news/articleListb497.html]
[www.topstarnews.net/news/articleList7a21.html]
[www.topstarnews.net/news/articleListf770.html]
[www.topstarnews.net/news/articleList30b9.html]
[www.topstarnews.net/news/articleList5cc5.html]
[www.topstarnews.net/news/articleList3437.html]
[www.topstarnews.net/news/articleList951b.html]
[www.topstarnews.net/news/articleList9725.html]
[www.topstarnews.net/news/articleList7ed1.html]
[www.topstarnews.net/news/articleList07d0.html]
[www.topstarnews.net/news/articleLista360.html]
[www.topstarnews.net/news/articleListb7a2.html]
[www.topstarnews.net/news/articleListea37.html]
[www.topstarnews.net/news/articleListc4a7.html]
[www.topstarnews.net/news/articleView4d0b.html]
[cdn.topstarnews.net/news/thumbnail/202509/15799138_1704918_1549_v150.jpg]
[www.topstarnews.net/news/articleView6c00.html]
[cdn.topstarnews.net/news/thumbnail/202509/15799120_1704900_635_v150.jpg]
[www.topstarnews.net/news/articleViewe4cf.html]
[cdn.topstarnews.net/news/thumbnail/202509/15799119_1704899_620_v150.jpg]
[www.topstarnews.net/news/articleView0a2b.html]
[cdn.topstarnews.net/news/thumbnail/202509/15799118_1704898_65_v150.jpg]
[www.topstarnews.net/news/articleView4b71.html]
[cdn.topstarnews.net/news/thumbnail/202509/15799116_1704904_950_v150.jpg]
[www.topstarnews.net/news/articleViewcff0.html]
[cdn.topstarnews.net/news/thumbnail/202509/15799104_1704910_1023_v150.jpg]
[www.topstarnews.net/news/articleView3847.html]
[cdn.topstarnews.net/news/thumbnail/202509/15799103_1704911_1044_v150.jpg]
[www.topstarnews.net/news/articleView42da.html]
[cdn.topstarnews.net/news/thumbnail/202509/15799096_1704912_113_v150.jpg]
[www.topstarnews.net/news/articleView6bf4.html]
[cdn.topstarnews.net/news/thumbnail/202509/15799089_1704913_1122_v150.jpg]
[www.topstarnews.net/news/articleView40fc.html]
[cdn.topstarnews.net/news/thumbnail/202509/15799083_1704864_4733_v150.jpg]
[www.topstarnews.net/news/articleView448f.html]
[cdn.topstarnews.net/news/thumbnail/202509/15799057_1704839_3138_v150.jpg]
[www.topstarnews.net/news/articleViewa0c1.html]
[cdn.topstarnews.net/news/thumbnail/202509/15799042_1704835_306_v150.jpg]
[www.topstarnews.net/news/articleVieweb23.html]
[cdn.topstarnews.net/news/thumbnail/202509/15799048_1704826_2652_v150.jpg]
[www.topstarnews.net/news/articleView328f.html]
[cdn.topstarnews.net/news/thumbnail/202509/15799007_1704797_1226_v150.jpg]
[www.topstarnews.net/news/articleView90af.html]
[cdn.topstarnews.net/news/thumbnail/202509/15798998_1704790_822_v150.jpg]
[www.topstarnews.net/news/articleView8497.html]
[cdn.topstarnews.net/news/thumbnail/202509/15798996_1704789_87_v150.jpg]
[www.topstarnews.net/news/articleView2d87.html]
[cdn.topstarnews.net/news/thumbnail/202509/15798993_1704786_738_v150.jpg]
[www.topstarnews.net/news/articleView4787.html]
[cdn.topstarnews.net/news/thumbnail/202509/15798992_1704785_723_v150.jpg]
[www.topstarnews.net/news/articleView0529.html]
[cdn.topstarnews.net/news/thumbnail/202509/15798991_1704784_78_v150.jpg]
[cdn.topstarnews.net/news/thumbnail/202509/15798972_1704770_5339_v150.jpg]
[www.topstarnews.net/news/articleViewdcb6.html]
[cdn.topstarnews.net/news/thumbnail/202509/15798971_1704769_534_v150.jpg]
[www.topstarnews.net/news/articleList9b14.html]
[www.topstarnews.net/news/articleListe990.html]
[www.topstarnews.net/news/articleList4444.html]
[www.topstarnews.net/news/articleList068d.html]
[www.topstarnews.net/news/articleListbf7c.html]
[www.topstarnews.net/news/articleList56b2.html]
[www.topstarnews.net/news/articleList9748.html]
[www.topstarnews.net/news/articleListeb97.html]
[www.topstarnews.net/news/articleList0d5a.html]
[www.topstarnews.net/news/articleList66d0.html]
[www.topstarnews.net/news/articleList9424.html]
[www.topstarnews.net/news/articleListbf36.html]
[www.topstarnews.net/news/articleListcb0f.html]
[www.topstarnews.net/news/articleList5b57.html]
[www.topstarnews.net/news/articleList488a.html]
[www.topstarnews.net/news/articleList83f7.html]
[www.topstarnews.net/news/articleList11a9.html]
[www.topstarnews.net/news/articleView71aa.html]
[cdn.topstarnews.net/news/thumbnail/202509/15798830_1704618_3618_v150.jpg]
[www.topstarnews.net/news/articleViewc510.html]
[cdn.topstarnews.net/news/thumbnail/202509/15798277_1704165_445_v150.jpg]
[www.topstarnews.net/news/articleViewe6fc.html]
[cdn.topstarnews.net/news/thumbnail/202509/15798123_1703955_5051_v150.jpg]
[www.topstarnews.net/news/articleViewf6f4.html]
[cdn.topstarnews.net/news/thumbnail/202509/15797952_1703912_1622_v150.jpg]
[www.topstarnews.net/news/articleViewf5a4.html]
[cdn.topstarnews.net/news/thumbnail/202509/15797551_1703406_4527_v150.jpg]
[www.topstarnews.net/news/articleView0eb8.html]
[cdn.topstarnews.net/news/thumbnail/202509/15797379_1703237_3330_v150.jpg]
[www.topstarnews.net/news/articleViewf7eb.html]
[cdn.topstarnews.net/news/thumbnail/202509/15797067_1702989_375_v150.jpg]
[www.topstarnews.net/news/articleView82e0.html]
[cdn.topstarnews.net/news/thumbnail/202509/15794992_1701098_1511_v150.jpg]
[www.topstarnews.net/news/articleViewea0b.html]
[cdn.topstarnews.net/news/thumbnail/202509/15794991_1701097_1312_v150.jpg]
[www.topstarnews.net/news/articleViewc7a7.html]
[cdn.topstarnews.net/news/thumbnail/202509/15796452_1702663_316_v150.jpg]
[www.topstarnews.net/news/articleView4b46.html]
[cdn.topstarnews.net/news/thumbnail/202509/15796705_1702655_5826_v150.jpg]
[www.topstarnews.net/news/articleView8e11.html]
[cdn.topstarnews.net/news/thumbnail/202509/15796694_1702584_435_v150.jpg]
[www.topstarnews.net/news/articleView882a.html]
[cdn.topstarnews.net/news/thumbnail/202509/15796654_1702532_3748_v150.jpg]
[www.topstarnews.net/news/articleView2451.html]
[cdn.topstarnews.net/news/thumbnail/202509/15796098_1702173_2632_v150.jpg]
[www.topstarnews.net/news/articleView05a9.html]
[cdn.topstarnews.net/news/thumbnail/202509/15794990_1701096_128_v150.jpg]
[www.topstarnews.net/news/articleViewf2a5.html]
[cdn.topstarnews.net/news/thumbnail/202509/15794989_1701095_1114_v150.jpg]
[www.topstarnews.net/news/articleViewa29d.html]
[cdn.topstarnews.net/news/thumbnail/202509/15794988_1701094_953_v150.jpg]
[www.topstarnews.net/news/articleViewdb4c.html]
[cdn.topstarnews.net/news/thumbnail/202509/15794985_1701093_844_v150.jpg]
[www.topstarnews.net/news/articleView4a73.html]
[cdn.topstarnews.net/news/thumbnail/202509/15795836_1701888_496_v150.jpg]
[www.topstarnews.net/news/articleView3dfd.html]
[cdn.topstarnews.net/news/thumbnail/202509/15795486_1701606_1852_v150.jpg]
[www.topstarnews.net/news/articleView0b3a.html]
[cdn.topstarnews.net/news/thumbnail/202509/15795427_1701602_83_v150.jpg]
[www.topstarnews.net/news/articleList74b8.html]
[www.topstarnews.net/news/articleList4aae.html]
[www.topstarnews.net/news/articleList70c3.html]
[www.topstarnews.net/news/articleListdcb2.html]
[www.topstarnews.net/news/articleList6539.html]
[www.topstarnews.net/news/articleList963b.html]
[www.topstarnews.net/news/articleList9c9f.html]
[www.topstarnews.net/news/articleList6c7e.html]
[www.topstarnews.net/news/articleListe9e3.html]
[www.topstarnews.net/news/articleList82e5.html]
[www.topstarnews.net/news/articleListac4b.html]
[www.topstarnews.net/news/articleListd86e.html]
[www.topstarnews.net/news/articleList43c0.html]
[www.topstarnews.net/news/articleList9390.html]
[www.topstarnews.net/news/articleList2c14.html]
[www.topstarnews.net/news/articleListc68d.html]
[www.topstarnews.net/news/articleList3dad.html]
[www.topstarnews.net/news/articleView5661.html]
[cdn.topstarnews.net/news/thumbnail/202509/15799085_1704920_171_v150.jpg]
[www.topstarnews.net/news/articleViewf356.html]
[cdn.topstarnews.net/news/thumbnail/202509/15799012_1704906_953_v150.jpg]
[cdn.topstarnews.net/news/thumbnail/202509/15799068_1704855_4324_v150.jpg]
[www.topstarnews.net/news/articleViewa501.html]
[cdn.topstarnews.net/news/thumbnail/202509/15799046_1704824_2623_v150.jpg]
[www.topstarnews.net/news/articleView86e9.html]
[cdn.topstarnews.net/news/thumbnail/202509/15799038_1704820_2215_v150.jpg]
[www.topstarnews.net/news/articleViewc6a2.html]
[cdn.topstarnews.net/news/thumbnail/202509/15799037_1704819_220_v150.jpg]
[www.topstarnews.net/news/articleViewb155.html]
[cdn.topstarnews.net/news/thumbnail/202509/15799036_1704816_2146_v150.jpg]
[www.topstarnews.net/news/articleViewe5db.html]
[cdn.topstarnews.net/news/thumbnail/202509/15799034_1704814_2132_v150.jpg]
[www.topstarnews.net/news/articleViewc8f4.html]
[cdn.topstarnews.net/news/thumbnail/202509/15799032_1704812_2117_v150.jpg]
[www.topstarnews.net/news/articleView47df.html]
[cdn.topstarnews.net/news/thumbnail/202509/15798995_1704788_752_v150.jpg]
[www.topstarnews.net/news/articleView4667.html]
[cdn.topstarnews.net/news/thumbnail/202509/15798859_1704657_5119_v150.jpg]
[www.topstarnews.net/news/articleView1c0c.html]
[cdn.topstarnews.net/news/thumbnail/202509/15798819_1704605_1812_v150.jpg]
[www.topstarnews.net/news/articleView903c.html]
[cdn.topstarnews.net/news/thumbnail/202509/15798818_1704604_1758_v150.jpg]
[www.topstarnews.net/news/articleViewa54b.html]
[cdn.topstarnews.net/news/thumbnail/202509/15798816_1704601_1633_v150.jpg]
[www.topstarnews.net/news/articleViewecdc.html]
[cdn.topstarnews.net/news/thumbnail/202509/15798806_1704588_943_v150.jpg]
[www.topstarnews.net/news/articleViewa5c9.html]
[cdn.topstarnews.net/news/thumbnail/202509/15798767_1704546_233_v150.jpg]
[www.topstarnews.net/news/articleViewef58.html]
[cdn.topstarnews.net/news/thumbnail/202509/15798762_1704533_122_v150.jpg]
[www.topstarnews.net/news/articleView5350.html]
[cdn.topstarnews.net/news/thumbnail/202509/15798761_1704530_1125_v150.jpg]
[www.topstarnews.net/news/articleView5bdc.html]
[cdn.topstarnews.net/news/thumbnail/202509/15798721_1704507_1547_v150.jpg]
[www.topstarnews.net/news/articleViewa0ec.html]
[cdn.topstarnews.net/news/thumbnail/202509/15798720_1704506_1532_v150.jpg]
[www.topstarnews.net/news/articleView62a9.html]
[cdn.topstarnews.net/news/thumbnail/202509/15798710_1704499_1351_v150.jpg]
[www.topstarnews.net/news/articleList5399.html]
[www.topstarnews.net/news/articleListd297.html]
[www.topstarnews.net/news/articleLista65b.html]
[www.topstarnews.net/news/articleListf398.html]
[www.topstarnews.net/news/articleListe7d5.html]
[www.topstarnews.net/news/articleList3b15.html]
[www.topstarnews.net/news/articleListb895.html]
[www.topstarnews.net/news/articleListf89a.html]
[www.topstarnews.net/news/articleListad76.html]
[www.topstarnews.net/news/articleList311b.html]
[www.topstarnews.net/news/articleList6396.html]
[www.topstarnews.net/news/articleListb13d.html]
[www.topstarnews.net/news/articleListc1eb.html]
[www.topstarnews.net/news/articleListaaad.html]
[www.topstarnews.net/news/articleView5f0b.html]
[cdn.topstarnews.net/news/thumbnail/202509/15798844_1704639_3947_v150.jpg]
[www.topstarnews.net/news/articleView7380.html]
[cdn.topstarnews.net/news/thumbnail/202509/15798853_1704653_4523_v150.jpg]
[www.topstarnews.net/news/articleView5006.html]
[cdn.topstarnews.net/news/thumbnail/202509/15798860_1704656_5117_v150.jpg]
[www.topstarnews.net/news/articleView1ae9.html]
[cdn.topstarnews.net/news/thumbnail/202509/15798864_1704660_5652_v150.jpg]
[www.topstarnews.net/news/articleViewcd9b.html]
[cdn.topstarnews.net/news/thumbnail/202509/15798874_1704672_438_v150.jpg]
[www.topstarnews.net/news/articleViewab5e.html]
[cdn.topstarnews.net/news/thumbnail/202509/15798904_1704702_1441_v150.jpg]
[www.topstarnews.net/news/articleViewc831.html]
[cdn.topstarnews.net/news/thumbnail/202509/15795225_1701334_1326_v150.jpg]
[www.topstarnews.net/news/articleView0a4f.html]
[cdn.topstarnews.net/news/thumbnail/202509/15795237_1701341_166_v150.jpg]
[www.topstarnews.net/news/articleViewd662.html]
[cdn.topstarnews.net/news/thumbnail/202509/15795238_1701342_1715_v150.jpg]
[www.topstarnews.net/news/articleView1b29.html]
[cdn.topstarnews.net/news/thumbnail/202509/15795239_1701343_188_v150.jpg]
[www.topstarnews.net/news/articleView7e3b.html]
[cdn.topstarnews.net/news/thumbnail/202509/15795241_1701347_1915_v150.jpg]
[www.topstarnews.net/news/articleViewe332.html]
[cdn.topstarnews.net/news/thumbnail/202509/15795242_1701349_2025_v150.jpg]
[www.topstarnews.net/news/articleView15c4.html]
[cdn.topstarnews.net/news/thumbnail/202509/15795244_1701354_2130_v150.jpg]
[www.topstarnews.net/news/articleViewf06b.html]
[cdn.topstarnews.net/news/thumbnail/202509/15795247_1701356_2321_v150.jpg]
[www.topstarnews.net/news/articleViewd49d.html]
[cdn.topstarnews.net/news/thumbnail/202509/15795248_1701357_2443_v150.jpg]
[www.topstarnews.net/news/articleView0c36.html]
[cdn.topstarnews.net/news/thumbnail/202509/15795375_1701493_310_v150.jpg]
[www.topstarnews.net/news/articleView813c.html]
[cdn.topstarnews.net/news/thumbnail/202509/15795380_1701495_3222_v150.jpg]
[www.topstarnews.net/news/articleViewc277.html]
[cdn.topstarnews.net/news/thumbnail/202509/15795382_1701497_3252_v150.jpg]
[www.topstarnews.net/news/articleView5d76.html]
[cdn.topstarnews.net/news/thumbnail/202509/15795383_1701499_3319_v150.jpg]
[www.topstarnews.net/news/articleView6969.html]
[cdn.topstarnews.net/news/thumbnail/202509/15795385_1701501_3420_v150.jpg]
[www.topstarnews.net/news/articleViewa5a6.html]
[cdn.topstarnews.net/news/thumbnail/202509/15795386_1701503_3511_v150.jpg]
[www.topstarnews.net/news/articleView1b0c.html]
[cdn.topstarnews.net/news/thumbnail/202509/15795389_1701505_3651_v150.jpg]
[www.topstarnews.net/news/articleViewff52.html]
[cdn.topstarnews.net/news/thumbnail/202509/15795392_1701507_3739_v150.jpg]
[www.topstarnews.net/news/articleView59a0.html]
[cdn.topstarnews.net/news/thumbnail/202509/15795393_1701508_3811_v150.jpg]
[www.topstarnews.net/news/articleViewea49.html]
[cdn.topstarnews.net/news/thumbnail/202509/15795395_1701511_3848_v150.jpg]
[www.topstarnews.net/news/articleView3cd8.html]
[cdn.topstarnews.net/news/thumbnail/202509/15795396_1701512_3927_v150.jpg]
[www.topstarnews.net/news/articleView2331.html]
[cdn.topstarnews.net/news/thumbnail/202509/15795397_1701513_3945_v150.jpg]
[www.topstarnews.net/news/articleView2520.html]
[cdn.topstarnews.net/news/thumbnail/202509/15795400_1701516_411_v150.jpg]
[www.topstarnews.net/news/articleView41cd.html]
[cdn.topstarnews.net/news/thumbnail/202509/15795402_1701517_4143_v150.jpg]
[www.topstarnews.net/news/articleViewd0c9.html]
[cdn.topstarnews.net/news/thumbnail/202509/15795403_1701518_4226_v150.jpg]
[www.topstarnews.net/news/articleView7809.html]
[cdn.topstarnews.net/news/thumbnail/202509/15795405_1701519_4312_v150.jpg]
[www.topstarnews.net/news/articleViewea01.html]
[cdn.topstarnews.net/news/thumbnail/202509/15795407_1701520_4335_v150.jpg]
[www.topstarnews.net/news/articleView8d5e.html]
[cdn.topstarnews.net/news/thumbnail/202509/15795409_1701529_4514_v150.jpg]
[www.topstarnews.net/news/articleView0c80.html]
[cdn.topstarnews.net/news/thumbnail/202509/15795416_1701530_4535_v150.jpg]
[www.topstarnews.net/news/articleList8f4f.html]
[www.topstarnews.net/news/articleListf608.html]
[www.topstarnews.net/news/articleList238e.html]
[www.topstarnews.net/news/articleList0784.html]
[www.topstarnews.net/news/articleList17b6.html]
[www.topstarnews.net/news/articleList8486.html]
[www.topstarnews.net/news/articleList1b36.html]
[www.topstarnews.net/news/articleList827d.html]
[www.topstarnews.net/news/articleList2ea5.html]
[www.topstarnews.net/news/articleList7664.html]
[www.topstarnews.net/news/articleList6995.html]
[www.topstarnews.net/news/articleListe449.html]
[www.topstarnews.net/news/articleList209b.html]
[www.topstarnews.net/news/articleView690a.html]
[cdn.topstarnews.net/news/photo/202509/15796982_1702904_4248.jpg]
[www.topstarnews.net/news/articleView407f.html]
[cdn.topstarnews.net/news/thumbnail/202509/15796898_1702829_5348_v150.jpg]
[www.topstarnews.net/news/articleView9fa6.html]
[cdn.topstarnews.net/news/thumbnail/202509/15796897_1702827_5253_v150.jpg]
[www.topstarnews.net/news/articleViewb38d.html]
[cdn.topstarnews.net/news/thumbnail/202509/15796896_1702825_5158_v150.jpg]
[cdn.topstarnews.net/news/thumbnail/202509/15796982_1702904_4248_v150.jpg]
[www.topstarnews.net/news/articleView3e74.html]
[cdn.topstarnews.net/news/thumbnail/202509/15796895_1702823_5055_v150.jpg]
[www.topstarnews.net/news/articleViewa494.html]
[cdn.topstarnews.net/news/thumbnail/202509/15796894_1702821_4859_v150.jpg]
[www.topstarnews.net/news/articleView53e8.html]
[cdn.topstarnews.net/news/thumbnail/202509/15795610_1701701_3847_v150.jpg]
[www.topstarnews.net/news/articleView7951.html]
[cdn.topstarnews.net/news/thumbnail/202509/15795604_1701699_3730_v150.jpg]
[www.topstarnews.net/news/articleView245c.html]
[cdn.topstarnews.net/news/thumbnail/202509/15795602_1701697_362_v150.jpg]
[www.topstarnews.net/news/articleView9178.html]
[cdn.topstarnews.net/news/thumbnail/202509/15794928_1701036_1510_v150.jpg]
[www.topstarnews.net/news/articleView276c.html]
[cdn.topstarnews.net/news/thumbnail/202509/15794639_1700767_3715_v150.jpg]
[www.topstarnews.net/news/articleViewc1fb.html]
[cdn.topstarnews.net/news/thumbnail/202509/15794638_1700764_363_v150.jpg]
[www.topstarnews.net/news/articleViewea10.html]
[cdn.topstarnews.net/news/thumbnail/202509/15794635_1700759_3454_v150.jpg]
[www.topstarnews.net/news/articleView90fd.html]
[cdn.topstarnews.net/news/thumbnail/202509/15794143_1700310_1825_v150.jpg]
[www.topstarnews.net/news/articleListe421.html]
[www.topstarnews.net/news/articleListe235.html]
[www.topstarnews.net/news/articleListfb9a.html]
[www.topstarnews.net/news/articleListc579.html]
[www.topstarnews.net/news/articleListeef7.html]
[www.topstarnews.net/news/articleList8187.html]
[www.topstarnews.net/news/articleList6d36.html]
[www.topstarnews.net/news/articleListe20c.html]
[www.topstarnews.net/news/articleList6864.html]
[www.topstarnews.net/news/articleList753f.html]
[www.topstarnews.net/news/articleList2539.html]
[www.topstarnews.net/news/articleList8bb9.html]
[www.topstarnews.net/news/articleList0001.html]
[www.topstarnews.net/news/articleListda97.html]
[www.topstarnews.net/news/articleList64bd.html]
[www.topstarnews.net/news/articleList99e3.html]
[www.topstarnews.net/news/articleList66f4.html]
[www.topstarnews.net/news/articleView5c20.html]
[cdn.topstarnews.net/news/thumbnail/202509/15789308_1695679_710_v150.jpg]
[www.topstarnews.net/news/articleViewdc71.html]
[cdn.topstarnews.net/news/thumbnail/202509/15789347_1695689_1320_v150.jpg]
[www.topstarnews.net/news/articleViewaed4.html]
[cdn.topstarnews.net/news/thumbnail/202509/15789365_1695704_1751_v150.jpg]
[www.topstarnews.net/news/articleView94e2.html]
[cdn.topstarnews.net/news/thumbnail/202509/15789371_1695713_2017_v150.jpg]
[www.topstarnews.net/news/articleView103f.html]
[cdn.topstarnews.net/news/thumbnail/202509/15789374_1695716_2338_v150.jpg]
[www.topstarnews.net/news/articleViewf04c.html]
[cdn.topstarnews.net/news/thumbnail/202509/15789379_1695724_2630_v150.jpg]
[www.topstarnews.net/news/articleView91c1.html]
[cdn.topstarnews.net/news/thumbnail/202509/15789390_1695739_3418_v150.jpg]
[www.topstarnews.net/news/articleView81c5.html]
[cdn.topstarnews.net/news/thumbnail/202509/15789399_1695750_416_v150.jpg]
[www.topstarnews.net/news/articleView4d25.html]
[cdn.topstarnews.net/news/thumbnail/202509/15789407_1695760_4313_v150.jpg]
[www.topstarnews.net/news/articleVieweb9b.html]
[cdn.topstarnews.net/news/thumbnail/202509/15789422_1695781_469_v150.html]
[www.topstarnews.net/news/articleListeec3.html]
[www.topstarnews.net/news/articleList2b2a.html]
[www.topstarnews.net/news/articleList0ccf.html]
[www.topstarnews.net/news/articleListc313.html]
[www.topstarnews.net/news/articleList3a6d.html]
[www.topstarnews.net/news/articleList633e.html]
[www.topstarnews.net/news/articleListb9b9.html]
[www.topstarnews.net/news/articleLista762.html]
[www.topstarnews.net/news/articleListc326.html]
[www.topstarnews.net/news/articleList1f2b.html]
[www.topstarnews.net/news/articleListafc9.html]
[www.topstarnews.net/news/articleList9b33.html]
[www.topstarnews.net/news/articleList1146.html]
[www.topstarnews.net/news/articleList0b83.html]
[www.topstarnews.net/news/articleListbf08.html]
[www.topstarnews.net/news/articleList85af.html]
[www.topstarnews.net/news/articleListae71.html]
[www.topstarnews.net/news/articleList19fd.html]
[www.topstarnews.net/news/articleList97ab.html]
[www.topstarnews.net/news/articleListe77b.html]
[www.topstarnews.net/news/articleListb67b.html]
[www.topstarnews.net/news/articleList7b5b.html]
[www.topstarnews.net/news/articleList0c5d.html]
[www.topstarnews.net/news/articleLista968.html]
[www.topstarnews.net/news/articleLista3bc.html]
[www.topstarnews.net/news/articleList9436.html]
[www.topstarnews.net/news/articleList9af3.html]
[cdn.topstarnews.net/comment/style.css]
[www.topstarnews.net/news/articleView909c.html]
[www.topstarnews.net/news/articleVieweb6b.html]
[www.topstarnews.net/news/articleViewd646.html]
[www.topstarnews.net/news/articleView5ea6.html]
[www.topstarnews.net/news/articleViewf490.html]
[www.topstarnews.net/news/articleList282e.html]
[www.topstarnews.net/news/articleView64d5.html]
[www.topstarnews.net/news/articleView1a71.html]
[www.topstarnews.net/news/articleView2fc1.html]
[www.topstarnews.net/news/articleList0bc2.html]
[www.topstarnews.net/news/articleViewe80e.html]
[www.topstarnews.net/news/articleViewfd09.html]
[www.topstarnews.net/news/articleViewe1cc.html]
[www.topstarnews.net/news/articleList0e5a.html]
[www.topstarnews.net/news/articleViewca84.html]
[www.topstarnews.net/news/articleView3c40.html]
[www.topstarnews.net/news/articleView1e15.html]
[www.topstarnews.net/news/articleView1907.html]
[www.topstarnews.net/news/articleView0847.html]
[www.topstarnews.net/news/articleView0afd.html]
[www.topstarnews.net/news/articleViewd59d.html]
[www.topstarnews.net/news/articleViewb7d1.html]
[www.topstarnews.net/news/articleView3d74.html]
[www.topstarnews.net/news/articleView855b.html]
[www.topstarnews.net/news/articleView9fb8.html]
[www.topstarnews.net/news/articleLista33b.html]
[www.topstarnews.net/news/articleListb35f.html]
[www.topstarnews.net/news/articleList885e.html]
[www.topstarnews.net/news/articleListee91.html]
[www.topstarnews.net/news/articleList44d2.html]
[www.topstarnews.net/news/articleList88f6.html]
[www.topstarnews.net/news/articleLista275.html]
[www.topstarnews.net/news/articleListb6d7.html]
[www.topstarnews.net/news/articleList5484.html]
[www.topstarnews.net/news/articleList5db7.html]
[www.topstarnews.net/news/articleList9d93.html]
[www.topstarnews.net/news/articleList2c84.html]
[www.topstarnews.net/news/articleListe91d.html]
[www.topstarnews.net/news/articleList5d87.html]
[www.topstarnews.net/news/articleList2e21.html]
[www.topstarnews.net/news/articleListdac8.html]
[www.topstarnews.net/news/articleList1daf.html]
[www.topstarnews.net/news/articleListace8.html]
[www.topstarnews.net/news/articleListb726.html]
[www.topstarnews.net/news/articleList5588.html]
[www.topstarnews.net/news/articleList7287.html]
[www.topstarnews.net/news/articleList8f47.html]
[www.topstarnews.net/news/articleList8752.html]
[www.topstarnews.net/news/articleList0675.html]
[www.topstarnews.net/news/articleList17f8.html]
[www.topstarnews.net/news/articleLista0bf.html]
[www.topstarnews.net/news/articleList3811.html]
[www.topstarnews.net/news/articleList1c3f.html]
[www.topstarnews.net/news/articleList898f.html]
[www.topstarnews.net/news/articleList28ed.html]
[www.topstarnews.net/news/articleList2815.html]
[www.topstarnews.net/news/articleListe97c.html]
[www.topstarnews.net/news/articleList7bf0.html]
[www.topstarnews.net/news/articleListc3db.html]
[www.topstarnews.net/news/articleList936c.html]
[www.topstarnews.net/news/articleList6e00.html]
[www.topstarnews.net/news/articleList3a3c.html]
[www.topstarnews.net/news/articleListd380.html]
[www.topstarnews.net/news/articleListdcff.html]
[www.topstarnews.net/news/articleList9160.html]
[www.topstarnews.net/news/articleList0e4d.html]
[www.topstarnews.net/news/articleList51c2.html]
[www.topstarnews.net/news/articleList1cca.html]
[www.topstarnews.net/news/articleList3e1d.html]
[www.topstarnews.net/news/articleListf851.html]
[www.topstarnews.net/news/articleListe5a6.html]
[www.topstarnews.net/news/articleListafdf.html]
[www.topstarnews.net/news/articleList91ba.html]
[www.topstarnews.net/news/articleListba6e.html]
[www.topstarnews.net/news/articleList19f3.html]
[www.topstarnews.net/news/articleList22e3.html]
[www.topstarnews.net/news/articleList9a7a.html]
[www.topstarnews.net/news/articleList28ff.html]
[www.topstarnews.net/news/articleList2307.html]
[www.topstarnews.net/news/articleList7330.html]
[www.topstarnews.net/news/articleList9e0a.html]
[api.piclick.kr/common/css/v1/piclick-ad.css]
[cdn.topstarnews.net/css/slick-theme.css]
[cdn.topstarnews.net/css/fonts/fontello.html]
[www.topstarnews.net/news/articleListb3ec.html]
[www.topstarnews.net/news/articleList41e6.html]
[www.topstarnews.net/news/articleListb7a6.html]
[www.topstarnews.net/news/articleList78e0.html]
[www.topstarnews.net/news/articleView157d.html]
[www.topstarnews.net/news/articleViewe60b.html]
[www.topstarnews.net/news/articleView4feb.html]
[www.topstarnews.net/news/articleViewe801.html]
[www.topstarnews.net/news/articleView3238.html]
[www.topstarnews.net/news/articleViewe53a.html]
[www.topstarnews.net/news/articleView8e9a.html]
[www.topstarnews.net/news/articleView6e7f.html]
[www.topstarnews.net/news/articleViewb5fa.html]
[www.topstarnews.net/news/articleViewfa12.html]
[www.topstarnews.net/news/articleViewe4ad.html]
[www.topstarnews.net/news/articleView41da.html]
[www.topstarnews.net/news/articleView2747.html]
[www.topstarnews.net/news/articleViewea37.html]
[www.topstarnews.net/news/articleView0a69.html]
[www.topstarnews.net/news/articleViewdad7.html]
[www.topstarnews.net/news/articleView000f.html]
[www.topstarnews.net/news/articleViewac1e.html]
[www.topstarnews.net/news/articleView8953.html]
[www.topstarnews.net/news/articleView894c.html]
[www.topstarnews.net/news/articleView3b88.html]
[www.topstarnews.net/news/articleList85d1.html]
[www.topstarnews.net/news/articleList7f58.html]
[www.topstarnews.net/news/articleListac0c.html]
[www.topstarnews.net/news/articleList5ded.html]
[www.topstarnews.net/news/articleList260c.html]
[www.topstarnews.net/news/articleListca24.html]
[www.topstarnews.net/news/articleListb39e.html]
[www.topstarnews.net/news/articleListdca1.html]
[www.topstarnews.net/news/articleListddcc.html]
[www.topstarnews.net/news/articleList0c3c.html]
[www.topstarnews.net/news/articleListb3a8.html]
[www.topstarnews.net/news/articleListc9c3.html]
[www.topstarnews.net/news/articleView7774.html]
[www.topstarnews.net/news/articleView428c.html]
[www.topstarnews.net/news/articleView28c4.html]
[www.topstarnews.net/news/articleView7d85.html]
[www.topstarnews.net/news/articleView6d30.html]
[www.topstarnews.net/news/articleView8f20.html]
[www.topstarnews.net/news/articleViewb6b6.html]
[www.topstarnews.net/news/articleView917d.html]
[www.topstarnews.net/news/articleViewb1d7.html]
[www.topstarnews.net/news/articleView0642.html]
[www.topstarnews.net/news/articleViewb33b.html]
[www.topstarnews.net/news/articleViewd6ca.html]
[www.topstarnews.net/news/articleViewe2d8.html]
[www.topstarnews.net/news/articleViewb12e.html]
[www.topstarnews.net/news/articleList8e82.html]
[www.topstarnews.net/news/articleListc354.html]
[www.topstarnews.net/news/articleList6464.html]
[www.topstarnews.net/news/articleList192a.html]
[www.topstarnews.net/news/articleView5932.html]
[www.topstarnews.net/news/articleView6442.html]
[www.topstarnews.net/news/articleView1c06.html]
[www.topstarnews.net/news/articleView2fa5.html]
[www.topstarnews.net/news/articleView1f83.html]
[www.topstarnews.net/news/articleView34e2.html]
[www.topstarnews.net/news/articleView9f33.html]
[www.topstarnews.net/news/articleView2eb5.html]
[www.topstarnews.net/news/articleViewf08e.html]
[www.topstarnews.net/news/articleView433a.html]
[www.topstarnews.net/news/articleView5b6d.html]
[www.topstarnews.net/news/articleView53a4.html]
[www.topstarnews.net/news/articleViewe9b7.html]
[www.topstarnews.net/news/articleViewb535.html]
[www.topstarnews.net/news/articleView2a9b.html]
[www.topstarnews.net/news/articleView9910.html]
[www.topstarnews.net/news/articleView5365.html]
[www.topstarnews.net/news/articleView78a7.html]
[www.topstarnews.net/news/articleView75c5.html]
[www.topstarnews.net/news/articleView8d97.html]
[www.topstarnews.net/news/articleView7806.html]
[www.topstarnews.net/news/articleList0488.html]
[www.topstarnews.net/news/articleList98b2.html]
[www.topstarnews.net/news/articleList92da.html]
[www.topstarnews.net/news/articleLista916.html]
[www.topstarnews.net/news/articleList9aaa.html]
[www.topstarnews.net/news/articleList59c4.html]
[www.topstarnews.net/news/articleListf12f.html]
[www.topstarnews.net/news/articleListbb5b.html]
[www.topstarnews.net/news/articleList46ab.html]
[www.topstarnews.net/news/articleList1363.html]
[www.topstarnews.net/news/articleList2b58.html]
[www.topstarnews.net/news/articleListbd69.html]
[www.topstarnews.net/news/articleListf66e.html]
[www.topstarnews.net/news/articleList7dce.html]
[www.topstarnews.net/news/articleList1f67.html]
[www.topstarnews.net/news/articleList4d3e.html]
[www.topstarnews.net/news/articleView1b6d.html]
[www.topstarnews.net/news/articleView261b.html]
[www.topstarnews.net/news/articleView0847-2.html]
[www.topstarnews.net/news/articleView33e1.html]
[www.topstarnews.net/news/articleView22a4.html]
[www.topstarnews.net/news/articleViewaa3a.html]
[www.topstarnews.net/news/articleViewe048.html]
[www.topstarnews.net/news/articleViewd873.html]
[www.topstarnews.net/news/articleViewb489.html]
[www.topstarnews.net/news/articleView8f1d.html]
[www.topstarnews.net/news/articleView312f.html]
[www.topstarnews.net/news/articleView0588.html]
[www.topstarnews.net/news/articleViewb848.html]
[www.topstarnews.net/news/articleViewd790.html]
[www.topstarnews.net/news/articleView2338.html]
[www.topstarnews.net/news/articleViewed42.html]
[www.topstarnews.net/news/articleView8084.html]
[www.topstarnews.net/news/articleViewf043.html]
[www.topstarnews.net/news/articleView07d9.html]
[www.topstarnews.net/news/articleView1db9.html]
[www.topstarnews.net/news/articleViewdb99.html]
[www.topstarnews.net/news/articleListaf92.html]
[www.topstarnews.net/news/articleList380d.html]
[www.topstarnews.net/news/articleList35b4.html]
[www.topstarnews.net/news/articleList17b4.html]
[www.topstarnews.net/news/articleList1513.html]
[www.topstarnews.net/news/articleList829f.html]
[www.topstarnews.net/news/articleList1983.html]
[www.topstarnews.net/news/articleList7b48.html]
[www.topstarnews.net/news/articleList8dac.html]
[www.topstarnews.net/news/articleList6617.html]
[www.topstarnews.net/news/articleListef42.html]
[www.topstarnews.net/news/articleListc52d.html]
[www.topstarnews.net/news/articleList5bcc.html]
[www.topstarnews.net/news/articleListcae2.html]
[www.topstarnews.net/news/articleList5e85.html]
[www.topstarnews.net/news/articleList0b7c.html]
[www.topstarnews.net/news/articleViewaf75.html]
[www.topstarnews.net/news/articleView6ab0.html]
[www.topstarnews.net/news/articleView0cad.html]
[www.topstarnews.net/news/articleView5ce0.html]
[www.topstarnews.net/news/articleView7103.html]
[www.topstarnews.net/news/articleView0c1c.html]
[www.topstarnews.net/news/articleView545c.html]
[www.topstarnews.net/news/articleView7115.html]
[www.topstarnews.net/news/articleViewccc9.html]
[www.topstarnews.net/news/articleView9e1a.html]
[www.topstarnews.net/news/articleView1d27.html]
[www.topstarnews.net/news/articleView057d.html]
[www.topstarnews.net/news/articleView2b98.html]
[www.topstarnews.net/news/articleViewecbf.html]
[www.topstarnews.net/news/articleView33a7.html]
[www.topstarnews.net/news/articleList7938.html]
[www.topstarnews.net/news/articleListf34e.html]
[www.topstarnews.net/news/articleList7779.html]
[www.topstarnews.net/news/articleListd580.html]
[www.topstarnews.net/news/articleList4095.html]
[www.topstarnews.net/news/articleList3b2f.html]
[www.topstarnews.net/news/articleList62a3.html]
[www.topstarnews.net/news/articleList40c9.html]
[www.topstarnews.net/news/articleList7eee.html]
[www.topstarnews.net/news/articleList10f2.html]
[www.topstarnews.net/news/articleLista950.html]
[www.topstarnews.net/news/articleListb79c.html]
[www.topstarnews.net/news/articleListf705.html]
[www.topstarnews.net/news/articleListeb66.html]
[www.topstarnews.net/news/articleListf805.html]
[www.topstarnews.net/news/articleList3959.html]
[www.topstarnews.net/news/articleView53aa.html]
[www.topstarnews.net/news/articleViewf2f9.html]
[www.topstarnews.net/news/articleView7f84.html]
[www.topstarnews.net/news/articleViewbbe4.html]
[www.topstarnews.net/news/articleView5049.html]
[www.topstarnews.net/news/articleViewc818.html]
[www.topstarnews.net/news/articleView329e.html]
[www.topstarnews.net/news/articleView81be.html]
[www.topstarnews.net/news/articleViewf3fc.html]
[www.topstarnews.net/news/articleView72b7.html]
[www.topstarnews.net/news/articleViewd171.html]
[www.topstarnews.net/news/articleView43c8.html]
[www.topstarnews.net/news/articleView0b2f.html]
[www.topstarnews.net/news/articleView655d.html]
[www.topstarnews.net/news/articleView25af.html]
[www.topstarnews.net/news/articleVieweaed.html]
[www.topstarnews.net/news/articleView41f3.html]
[www.topstarnews.net/news/articleViewcfff.html]
[www.topstarnews.net/news/articleView66e4.html]
[www.topstarnews.net/news/articleViewfc08.html]
[www.topstarnews.net/news/articleView0fc4.html]
[www.topstarnews.net/news/articleList73aa.html]
[www.topstarnews.net/news/articleListf4ed.html]
[www.topstarnews.net/news/articleList5214.html]
[www.topstarnews.net/news/articleList0d74.html]
[www.topstarnews.net/news/articleList7fd5.html]
[www.topstarnews.net/news/articleListfa23.html]
[www.topstarnews.net/news/articleList816f.html]
[www.topstarnews.net/news/articleList2962.html]
[www.topstarnews.net/news/articleList6dc6.html]
[www.topstarnews.net/news/articleList229d.html]
[www.topstarnews.net/news/articleList197c.html]
[www.topstarnews.net/news/articleList1e04.html]
[www.topstarnews.net/news/articleList315b.html]
[www.topstarnews.net/news/articleList8e7f.html]
[www.topstarnews.net/news/articleList29c1.html]
[www.topstarnews.net/news/articleList6e89.html]
[www.topstarnews.net/news/articleViewea35.html]
[www.topstarnews.net/news/articleViewbd95.html]
[www.topstarnews.net/news/articleView4821.html]
[www.topstarnews.net/news/articleViewc89f.html]
[www.topstarnews.net/news/articleViewdcbc.html]
[www.topstarnews.net/news/articleViewc6ec.html]
[www.topstarnews.net/news/articleView2be9.html]
[www.topstarnews.net/news/articleView1142.html]
[www.topstarnews.net/news/articleViewe902.html]
[www.topstarnews.net/news/articleView1c02.html]
[www.topstarnews.net/news/articleView7ebb.html]
[www.topstarnews.net/news/articleView645b.html]
[www.topstarnews.net/news/articleViewfdb2.html]
[www.topstarnews.net/news/articleView9b05.html]
[www.topstarnews.net/news/articleView75d2.html]
[www.topstarnews.net/news/articleView5b43.html]
[www.topstarnews.net/news/articleView4721.html]
[www.topstarnews.net/news/articleViewb544.html]
[www.topstarnews.net/news/articleViewa9d5.html]
[www.topstarnews.net/news/articleList115c.html]
[www.topstarnews.net/news/articleList7b77.html]
[www.topstarnews.net/news/articleList5679.html]
[www.topstarnews.net/news/articleListb497.html]
[www.topstarnews.net/news/articleList7a21.html]
[www.topstarnews.net/news/articleListf770.html]
[www.topstarnews.net/news/articleList30b9.html]
[www.topstarnews.net/news/articleList5cc5.html]
[www.topstarnews.net/news/articleList3437.html]
[www.topstarnews.net/news/articleList951b.html]
[www.topstarnews.net/news/articleList9725.html]
[www.topstarnews.net/news/articleList07d0.html]
[www.topstarnews.net/news/articleLista360.html]
[www.topstarnews.net/news/articleListb7a2.html]
[www.topstarnews.net/news/articleListea37.html]
[www.topstarnews.net/news/articleListc4a7.html]
[www.topstarnews.net/news/articleView4d0b.html]
[www.topstarnews.net/news/articleView6c00.html]
[www.topstarnews.net/news/articleViewe4cf.html]
[www.topstarnews.net/news/articleView0a2b.html]
[www.topstarnews.net/news/articleView4b71.html]
[www.topstarnews.net/news/articleViewcff0.html]
[www.topstarnews.net/news/articleView3847.html]
[www.topstarnews.net/news/articleView42da.html]
[www.topstarnews.net/news/articleView6bf4.html]
[www.topstarnews.net/news/articleView40fc.html]
[www.topstarnews.net/news/articleView448f.html]
[www.topstarnews.net/news/articleViewa0c1.html]
[www.topstarnews.net/news/articleVieweb23.html]
[www.topstarnews.net/news/articleView328f.html]
[www.topstarnews.net/news/articleView90af.html]
[www.topstarnews.net/news/articleView8497.html]
[www.topstarnews.net/news/articleView2d87.html]
[www.topstarnews.net/news/articleView4787.html]
[www.topstarnews.net/news/articleView0529.html]
[www.topstarnews.net/news/articleViewdcb6.html]
[www.topstarnews.net/news/articleList9b14.html]
[www.topstarnews.net/news/articleListe990.html]
[www.topstarnews.net/news/articleList4444.html]
[www.topstarnews.net/news/articleList068d.html]
[www.topstarnews.net/news/articleListbf7c.html]
[www.topstarnews.net/news/articleList56b2.html]
[www.topstarnews.net/news/articleList9748.html]
[www.topstarnews.net/news/articleListeb97.html]
[www.topstarnews.net/news/articleList0d5a.html]
[www.topstarnews.net/news/articleList66d0.html]
[www.topstarnews.net/news/articleList9424.html]
[www.topstarnews.net/news/articleListcb0f.html]
[www.topstarnews.net/news/articleList5b57.html]
[www.topstarnews.net/news/articleList488a.html]
[www.topstarnews.net/news/articleList83f7.html]
[www.topstarnews.net/news/articleList11a9.html]
[www.topstarnews.net/news/articleView71aa.html]
[www.topstarnews.net/news/articleViewc510.html]
[www.topstarnews.net/news/articleViewe6fc.html]
[www.topstarnews.net/news/articleViewf6f4.html]
[www.topstarnews.net/news/articleViewf5a4.html]
[www.topstarnews.net/news/articleView0eb8.html]
[www.topstarnews.net/news/articleViewf7eb.html]
[www.topstarnews.net/news/articleView82e0.html]
[www.topstarnews.net/news/articleViewea0b.html]
[www.topstarnews.net/news/articleViewc7a7.html]
[www.topstarnews.net/news/articleView4b46.html]
[www.topstarnews.net/news/articleView8e11.html]
[www.topstarnews.net/news/articleView882a.html]
[www.topstarnews.net/news/articleView2451.html]
[www.topstarnews.net/news/articleView05a9.html]
[www.topstarnews.net/news/articleViewf2a5.html]
[www.topstarnews.net/news/articleViewa29d.html]
[www.topstarnews.net/news/articleViewdb4c.html]
[www.topstarnews.net/news/articleView4a73.html]
[www.topstarnews.net/news/articleView3dfd.html]
[www.topstarnews.net/news/articleView0b3a.html]
[www.topstarnews.net/news/articleList74b8.html]
[www.topstarnews.net/news/articleList4aae.html]
[www.topstarnews.net/news/articleList70c3.html]
[www.topstarnews.net/news/articleListdcb2.html]
[www.topstarnews.net/news/articleList6539.html]
[www.topstarnews.net/news/articleList963b.html]
[www.topstarnews.net/news/articleList9c9f.html]
[www.topstarnews.net/news/articleList6c7e.html]
[www.topstarnews.net/news/articleListe9e3.html]
[www.topstarnews.net/news/articleList82e5.html]
[www.topstarnews.net/news/articleListac4b.html]
[www.topstarnews.net/news/articleList43c0.html]
[www.topstarnews.net/news/articleList9390.html]
[www.topstarnews.net/news/articleList2c14.html]
[www.topstarnews.net/news/articleListc68d.html]
[www.topstarnews.net/news/articleList3dad.html]
[www.topstarnews.net/news/articleView5661.html]
[www.topstarnews.net/news/articleViewf356.html]
[www.topstarnews.net/news/articleViewa501.html]
[www.topstarnews.net/news/articleView86e9.html]
[www.topstarnews.net/news/articleViewc6a2.html]
[www.topstarnews.net/news/articleViewb155.html]
[www.topstarnews.net/news/articleViewe5db.html]
[www.topstarnews.net/news/articleViewc8f4.html]
[www.topstarnews.net/news/articleView47df.html]
[www.topstarnews.net/news/articleView4667.html]
[www.topstarnews.net/news/articleView1c0c.html]
[www.topstarnews.net/news/articleView903c.html]
[www.topstarnews.net/news/articleViewa54b.html]
[www.topstarnews.net/news/articleViewecdc.html]
[www.topstarnews.net/news/articleViewa5c9.html]
[www.topstarnews.net/news/articleViewef58.html]
[www.topstarnews.net/news/articleView5350.html]
[www.topstarnews.net/news/articleView5bdc.html]
[www.topstarnews.net/news/articleViewa0ec.html]
[www.topstarnews.net/news/articleView62a9.html]
[www.topstarnews.net/news/articleList5399.html]
[www.topstarnews.net/news/articleListd297.html]
[www.topstarnews.net/news/articleLista65b.html]
[www.topstarnews.net/news/articleListf398.html]
[www.topstarnews.net/news/articleListe7d5.html]
[www.topstarnews.net/news/articleList3b15.html]
[www.topstarnews.net/news/articleListb895.html]
[www.topstarnews.net/news/articleListf89a.html]
[www.topstarnews.net/news/articleListad76.html]
[www.topstarnews.net/news/articleList311b.html]
[www.topstarnews.net/news/articleList6396.html]
[www.topstarnews.net/news/articleListc1eb.html]
[www.topstarnews.net/news/articleListaaad.html]
[www.topstarnews.net/news/articleView5f0b.html]
[www.topstarnews.net/news/articleView7380.html]
[www.topstarnews.net/news/articleView5006.html]
[www.topstarnews.net/news/articleView1ae9.html]
[www.topstarnews.net/news/articleViewcd9b.html]
[www.topstarnews.net/news/articleViewab5e.html]
[www.topstarnews.net/news/articleViewc831.html]
[www.topstarnews.net/news/articleView0a4f.html]
[www.topstarnews.net/news/articleViewd662.html]
[www.topstarnews.net/news/articleView1b29.html]
[www.topstarnews.net/news/articleView7e3b.html]
[www.topstarnews.net/news/articleViewe332.html]
[www.topstarnews.net/news/articleView15c4.html]
[www.topstarnews.net/news/articleViewf06b.html]
[www.topstarnews.net/news/articleViewd49d.html]
[www.topstarnews.net/news/articleView0c36.html]
[www.topstarnews.net/news/articleView813c.html]
[www.topstarnews.net/news/articleViewc277.html]
[www.topstarnews.net/news/articleView5d76.html]
[www.topstarnews.net/news/articleView6969.html]
[www.topstarnews.net/news/articleViewa5a6.html]
[www.topstarnews.net/news/articleView1b0c.html]
[www.topstarnews.net/news/articleViewff52.html]
[www.topstarnews.net/news/articleView59a0.html]
[www.topstarnews.net/news/articleViewea49.html]
[www.topstarnews.net/news/articleView3cd8.html]
[www.topstarnews.net/news/articleView2331.html]
[www.topstarnews.net/news/articleView2520.html]
[www.topstarnews.net/news/articleView41cd.html]
[www.topstarnews.net/news/articleViewd0c9.html]
[www.topstarnews.net/news/articleView7809.html]
[www.topstarnews.net/news/articleViewea01.html]
[www.topstarnews.net/news/articleView8d5e.html]
[www.topstarnews.net/news/articleView0c80.html]
[www.topstarnews.net/news/articleList8f4f.html]
[www.topstarnews.net/news/articleListf608.html]
[www.topstarnews.net/news/articleList238e.html]
[www.topstarnews.net/news/articleList0784.html]
[www.topstarnews.net/news/articleList8486.html]
[www.topstarnews.net/news/articleList17b6.html]
[www.topstarnews.net/news/articleList1b36.html]
[www.topstarnews.net/news/articleList827d.html]
[www.topstarnews.net/news/articleList2ea5.html]
[www.topstarnews.net/news/articleList7664.html]
[www.topstarnews.net/news/articleList6995.html]
[www.topstarnews.net/news/articleList209b.html]
[www.topstarnews.net/news/articleView690a.html]
[www.topstarnews.net/news/articleView407f.html]
[www.topstarnews.net/news/articleView9fa6.html]
[www.topstarnews.net/news/articleViewb38d.html]
[www.topstarnews.net/news/articleView3e74.html]
[www.topstarnews.net/news/articleViewa494.html]
[www.topstarnews.net/news/articleView53e8.html]
[www.topstarnews.net/news/articleView7951.html]
[www.topstarnews.net/news/articleView245c.html]
[www.topstarnews.net/news/articleView9178.html]
[www.topstarnews.net/news/articleView276c.html]
[www.topstarnews.net/news/articleViewc1fb.html]
[www.topstarnews.net/news/articleViewea10.html]
[www.topstarnews.net/news/articleView90fd.html]
[www.topstarnews.net/news/articleListe235.html]
[www.topstarnews.net/news/articleListfb9a.html]
[www.topstarnews.net/news/articleListeef7.html]
[www.topstarnews.net/news/articleListe20c.html]
[www.topstarnews.net/news/articleListfbdb.html]
[www.topstarnews.net/news/articleList8bb9.html]
[www.topstarnews.net/news/articleList2539.html]
[www.topstarnews.net/news/articleListda97.html]
[www.topstarnews.net/news/articleList64bd.html]
[www.topstarnews.net/news/articleList99e3.html]
[www.topstarnews.net/news/articleList66f4.html]
[www.topstarnews.net/news/articleView5c20.html]
[www.topstarnews.net/news/articleViewdc71.html]
[www.topstarnews.net/news/articleViewaed4.html]
[www.topstarnews.net/news/articleView94e2.html]
[www.topstarnews.net/news/articleView103f.html]
[www.topstarnews.net/news/articleViewf04c.html]
[www.topstarnews.net/news/articleView91c1.html]
[www.topstarnews.net/news/articleView81c5.html]
[www.topstarnews.net/news/articleView4d25.html]
[www.topstarnews.net/news/articleVieweb9b.html]
